Running Gradle task 'assembleRelease'...                        
flutter : 
At line:1 char:1
+ flutter build apk > 
build-output.txt 2>&1
+ ~~~~~~~~~~~~~~~~~~~~~~~~~
~~~~~~~~~~~~~~~~
    + CategoryInfo         
     : NotSpecified: (:St  
  ring) [], RemoteExcept   
 ion
    + FullyQualifiedErrorI 
   d : NativeCommandError
 
FAILURE: Build failed with 
an exception.

* What went wrong:
A problem occurred 
configuring project 
':background_locator_2'.
> Could not create an 
instance of type com.androi
d.build.api.variant.impl.Li
braryVariantBuilderImpl.
   > Namespace not 
specified. Specify a 
namespace in the module's 
build file: C:\Users\mayan\
AppData\Local\Pub\Cache\hos
ted\pub.dev\background_loca
tor_2-2.0.6\android\build.g
radle. See https://d.androi
d.com/r/tools/upgrade-assis
tant/set-namespace for 
information about setting 
the namespace.

     If you've specified 
the package attribute in 
the source 
AndroidManifest.xml, you 
can use the AGP Upgrade 
Assistant to migrate to 
the namespace value in the 
build file. Refer to https:
//d.android.com/r/tools/upg
rade-assistant/agp-upgrade-
assistant for general 
information about using 
the AGP Upgrade Assistant.

* Try:
> Run with --stacktrace 
option to get the stack 
trace.
> Run with --info or 
--debug option to get more 
log output.
> Run with --scan to get 
full insights.
> Get more help at 
https://help.gradle.org.

BUILD FAILED in 2s
Running Gradle task 'assembleRelease'...                         2,314ms
Gradle task 
assembleRelease failed 
with exit code 1
